exports[`scraper findPersonID find the person id in the html 1`] = `16097875`;

exports[`scraper getHtmlFileName formats the html file name 1`] = `"resume-666-THALIA-ABAD-ALVARADO.html"`;

exports[`scraper getResumeLink should find the resume link for 2014 1`] = `"http://aplicaciones007.jne.gob.pe/pecaoe/sipe/HojaVida.aspx?cod=u80uW4sKN%2fGGkRNlqSDOQw%3d%3d"`;

exports[`scraper loadNamesCSV should load the csv 1`] = `
Array [
  Object {
    "apellido_materno": "ALVARADO",
    "apellido_paterno": "ABAD",
    "nombres": "THALIA",
    "rowid": 1
  },
  Object {
    "apellido_materno": "CASIMIRO",
    "apellido_paterno": "ABAD",
    "nombres": "DARWIN EUSTORGIO",
    "rowid": 2
  }
]
`;
